2025-08-29 10:41:56,636 - EduManager - INFO - Interface utilisateur configurée
2025-08-29 10:41:56,636 - EduManager - INFO - Application EduManager+ (version simplifiée) initialisée
2025-08-29 10:41:56,636 - EduManager - INFO - 🚀 Démarrage d'EduManager+ (version simplifiée)...
2025-08-29 10:41:56,638 - EduManager - INFO - Toutes les dépendances sont installées
2025-08-29 10:41:56,639 - EduManager - INFO - ✅ Vérifications terminées
2025-08-29 10:41:57,292 - EduManager - INFO - Interface simple affichée avec succès
2025-08-29 10:42:13,271 - EduManager - INFO - 🛑 Arrêt d'EduManager+...
2025-08-29 10:42:13,275 - EduManager - INFO - ✅ Application arrêtée proprement
2025-08-29 10:43:42,235 - EduManager - INFO - Interface utilisateur configurée
2025-08-29 10:43:42,235 - EduManager - INFO - Application EduManager+ (version simplifiée) initialisée
2025-08-29 10:43:42,235 - EduManager - INFO - 🚀 Démarrage d'EduManager+ (version simplifiée)...
2025-08-29 10:43:42,319 - EduManager - INFO - Toutes les dépendances sont installées
2025-08-29 10:43:42,319 - EduManager - INFO - ✅ Vérifications terminées
2025-08-29 10:43:42,722 - EduManager - INFO - Interface simple affichée avec succès
2025-08-29 10:43:46,618 - EduManager - INFO - 🛑 Arrêt d'EduManager+...
2025-08-29 10:43:46,619 - EduManager - INFO - ✅ Application arrêtée proprement
2025-08-29 10:43:46,619 - EduManager - INFO - 🛑 Arrêt d'EduManager+...
2025-08-29 10:43:46,620 - EduManager - INFO - ✅ Application arrêtée proprement
2025-08-29 10:44:24,350 - EduManager - INFO - Interface utilisateur configurée
2025-08-29 10:44:24,350 - EduManager - INFO - Application EduManager+ (version simplifiée) initialisée
2025-08-29 10:44:24,350 - EduManager - INFO - 🚀 Démarrage d'EduManager+ (version simplifiée)...
2025-08-29 10:44:24,422 - EduManager - INFO - Toutes les dépendances sont installées
2025-08-29 10:44:24,431 - EduManager - INFO - ✅ Vérifications terminées
2025-08-29 10:44:24,867 - EduManager - INFO - Interface simple affichée avec succès
2025-08-29 10:44:29,555 - EduManager - INFO - 🛑 Arrêt d'EduManager+...
2025-08-29 10:44:29,555 - EduManager - INFO - ✅ Application arrêtée proprement
2025-08-29 10:45:11,963 - EduManager - INFO - Interface utilisateur configurée
2025-08-29 10:45:11,963 - EduManager - INFO - Application EduManager+ (version simplifiée) initialisée
2025-08-29 10:45:11,963 - EduManager - INFO - 🚀 Démarrage d'EduManager+ (version simplifiée)...
2025-08-29 10:45:12,033 - EduManager - INFO - Toutes les dépendances sont installées
2025-08-29 10:45:12,033 - EduManager - INFO - ✅ Vérifications terminées
2025-08-29 10:45:12,451 - EduManager - INFO - Interface simple affichée avec succès
2025-08-29 10:45:17,428 - EduManager - INFO - 🛑 Arrêt d'EduManager+...
2025-08-29 10:45:17,429 - EduManager - INFO - ✅ Application arrêtée proprement
2025-08-29 10:45:59,594 - EduManager - INFO - Interface utilisateur configurée
2025-08-29 10:45:59,594 - EduManager - INFO - Application EduManager+ (version simplifiée) initialisée
2025-08-29 10:45:59,594 - EduManager - INFO - 🚀 Démarrage d'EduManager+ (version simplifiée)...
2025-08-29 10:45:59,676 - EduManager - INFO - Toutes les dépendances sont installées
2025-08-29 10:45:59,676 - EduManager - INFO - ✅ Vérifications terminées
2025-08-29 10:46:00,134 - EduManager - INFO - Interface simple affichée avec succès
2025-08-29 10:46:02,278 - EduManager - INFO - 🛑 Arrêt d'EduManager+...
2025-08-29 10:46:02,278 - EduManager - INFO - ✅ Application arrêtée proprement
2025-08-29 10:46:34,210 - EduManager - INFO - Interface utilisateur configurée
2025-08-29 10:46:34,210 - EduManager - INFO - Application EduManager+ (version simplifiée) initialisée
2025-08-29 10:46:34,210 - EduManager - INFO - 🚀 Démarrage d'EduManager+ (version simplifiée)...
2025-08-29 10:46:34,297 - EduManager - INFO - Toutes les dépendances sont installées
2025-08-29 10:46:34,297 - EduManager - INFO - ✅ Vérifications terminées
2025-08-29 10:46:34,798 - EduManager - INFO - Interface simple affichée avec succès
2025-08-29 10:46:43,966 - EduManager - INFO - 🛑 Arrêt d'EduManager+...
2025-08-29 10:46:43,966 - EduManager - INFO - ✅ Application arrêtée proprement
2025-08-29 10:47:53,555 - EduManager - INFO - Interface utilisateur configurée
2025-08-29 10:47:53,555 - EduManager - INFO - Application EduManager+ (version simplifiée) initialisée
2025-08-29 10:47:53,555 - EduManager - INFO - 🚀 Démarrage d'EduManager+ (version simplifiée)...
2025-08-29 10:47:53,628 - EduManager - INFO - Toutes les dépendances sont installées
2025-08-29 10:47:53,628 - EduManager - INFO - ✅ Vérifications terminées
2025-08-29 10:47:54,138 - EduManager - INFO - Interface simple affichée avec succès
2025-08-29 10:48:00,287 - EduManager - INFO - Interface utilisateur configurée
2025-08-29 10:48:00,287 - EduManager - INFO - Application EduManager+ (version simplifiée) initialisée
2025-08-29 10:48:00,287 - EduManager - INFO - 🚀 Démarrage d'EduManager+ (version simplifiée)...
2025-08-29 10:48:00,344 - EduManager - INFO - Toutes les dépendances sont installées
2025-08-29 10:48:00,344 - EduManager - INFO - ✅ Vérifications terminées
2025-08-29 10:48:00,781 - EduManager - INFO - Interface simple affichée avec succès
2025-08-29 10:48:07,005 - EduManager - INFO - 🛑 Arrêt d'EduManager+...
2025-08-29 10:48:07,005 - EduManager - INFO - ✅ Application arrêtée proprement
2025-08-29 10:50:15,897 - EduManager - INFO - 🛑 Arrêt d'EduManager+...
2025-08-29 10:50:15,897 - EduManager - INFO - ✅ Application arrêtée proprement
